$# Creating journal file 
$# D:\Czarified\Documents\GitHub\CSLM\LD00.1\alphaTest.db.jou at 28-Jul-19 
$# 21:32:45
uil_file_rebuild.start("D:\MSC.Software\MSC_Nastran_and_Patran_Student_Edi" // @
"tions\20181\Patran/template.db","D:\Czarified\Documents\GitHub\CSLM\LD00." // @
"1\alphaTest.db")
$# Synchronizing the User Data Manager
set_current_dir( "D:\Czarified\Documents\GitHub\CSLM\LD00.1" )
$# The current working directory has been changed to the database location 
$# shown.                                                                     
$#                                                                            
$#                                   
db_set_pref( 303, 3, 0, FALSE, 3.0000001E-07, "" )
fem_stl_to_bdf( "C:\Users\Czarified\Desktop\OpenVSP-3.17.1-win32\Fuselage_" // @
"Struct0.stl", "Fuselage_Struct0.bdf" )
$# UNDO: STL File Read Command
ga_view_aa_set( -54.643360, 5.169446, 56.770988 )
sys_poll_option( 2 )
ga_group_create( "fem.fuse" )
ga_group_entity_add( "fem.fuse", "Node 1:406 Elm 1:744" )
ga_viewport_group_unpost_all( "" )
ga_group_current_set( "fem.fuse" )
$# Group "fem.fuse" created.
sys_poll_option( 0 )
ga_group_create( "fem.fin" )
ga_group_current_set( "fem.fin" )
fem_stl_to_bdf( "C:\Users\Czarified\Desktop\OpenVSP-3.17.1-win32\WingLegs_" // @
"Struct0.stl", "WingLegs_Struct0.bdf" )
nastran_input_import( "WingLegs_Struct0.bdf", "fem.fin", 8, [TRUE, TRUE,  @
FALSE, FALSE, FALSE, FALSE, FALSE, FALSE], [0, 0, 0, 0, 0, 0, 0, 0], [0, 0, 0, @
 0, 0, 0, 0, 0], [0, 0, 0, 0, 0, 0, 0, 0] )
$# Creating Nastran Database using SOL nifimp_v22: Success
$# Importing data...
$# Question from application FILE
$#     Node 1 already exists in the database. Do you want to offset the ID 
$# that is being read?
$? YESFORALL 36002115 
$# 293 Nodes written to database.
$# 0 Materials written to database.
$# Question from application FILE
$#     Element 1 already exists in the database. Do you want to offset the ID 
$# that is being read?
$? YESFORALL 36002115 
$# 498 Elements written to database.
$# 0 Property Sets written to database.
$# Reading of MSC.Nastran input file completed.
uil_viewport_post_groups.posted_groups( "default_viewport", 1, ["fem.fuse"] )
uil_viewport_post_groups.posted_groups( "default_viewport", 1, ["fem.fin"] )
ga_view_aa_set( -62.495007, 3.194752, 61.818153 )
ga_group_create( "fem.tail" )
ga_group_current_set( "fem.tail" )
fem_stl_to_bdf( "C:\Users\Czarified\Desktop\OpenVSP-3.17.1-win32\TailLeg_S" // @
"truct0.stl", "TailLeg_Struct0.bdf" )
$# UNDO: STL File Read Command
ga_view_aa_set( -72.995010, 3.320647, 99.539207 )
ga_view_aa_set( -59.835403, -4.688454, 65.380081 )
ga_view_aa_set( -86.465004, -0.461789, 74.403168 )
uil_viewport_post_groups.posted_groups( "default_viewport", 1, ["fem.tail"] )
ga_view_aa_set( -59.188900, 4.852873, 45.961670 )
ui_exec_function( "mesh_seed_display_mgr", "init" )
mesh_seed_display_mgr.erase(  )
STRING fem_delete_any_deleted_ids[VIRTUAL]
fem_delete_element( "Node 10294 10295 Elm 10499:10510",  @
fem_delete_any_deleted_ids )
$# 12 Elements deleted: Element 10499:10510
STRING fem_delete_any_not_found_ids[VIRTUAL]
fem_delete_free_node( "Node 10294 10295 Elm 10499:10510",  @
fem_delete_any_deleted_ids, fem_delete_any_not_found_ids )
$# 2 Nodes deleted: Node 10294,10295
ga_view_aa_set( -71.785690, 7.204533, 51.479870 )
uil_viewport_post_groups.posted_groups( "default_viewport", 2, ["fem.fin",  @
"fem.fuse"] )
ga_group_current_set("fem.fuse")
$# Question from application Group Applications
$#     Associated members of group to be deleted will be deleted from the 
$# model regardless of possible membership in other groups. Continue to delete?
$? YES 11001006 
sys_poll_option( 2 )
uil_group_delete_group.delete_groups( TRUE, 1, ["fem.tail"] )
sys_poll_option( 0 )
ga_view_aa_set( -69.147270, 9.176169, 60.387691 )
uil_primary_file.db_save(  )
ga_group_create( "fem.canard" )
ga_group_current_set( "fem.canard" )
fem_stl_to_bdf( "C:\Users\Czarified\Desktop\OpenVSP-3.17.1-win32\Canards_S" // @
"truct0.stl", "Canards_Struct0.bdf" )
nastran_input_import( "Canards_Struct0.bdf", "fem.canard", 8, [TRUE, TRUE,  @
FALSE, FALSE, FALSE, FALSE, FALSE, FALSE], [0, 0, 0, 0, 0, 0, 0, 0], [0, 0, 0, @
 0, 0, 0, 0, 0], [0, 0, 0, 0, 0, 0, 0, 0] )
$# Creating Nastran Database using SOL nifimp_v22: Success
$# Importing data...
$# Question from application FILE
$#     Node 1 already exists in the database. Do you want to offset the ID 
$# that is being read?
$? YESFORALL 36002115 
$# Warning reported from application FILE
$#     Unable to load node ID = 1 for the following reason...
$# Duplicate entry exists in table
$# Warning reported from application FILE
$#     Unable to load node ID = 2 for the following reason...
$# Duplicate entry exists in table
$# Warning reported from application FILE
$#     Unable to load node ID = 3 for the following reason...
$# Duplicate entry exists in table
$# Warning reported from application FILE
$#     Unable to load node ID = 4 for the following reason...
$# Duplicate entry exists in table
$# Warning reported from application FILE
$#     Unable to load node ID = 5 for the following reason...
$# Duplicate entry exists in table
$# Warning reported from application FILE
$#     Unable to load node ID = 6 for the following reason...
$# Duplicate entry exists in table
$# Warning reported from application FILE
$#     Unable to load node ID = 7 for the following reason...
$# Duplicate entry exists in table
$# Warning reported from application FILE
$#     Unable to load node ID = 8 for the following reason...
$# Duplicate entry exists in table
$# Warning reported from application FILE
$#     Unable to load node ID = 9 for the following reason...
$# Duplicate entry exists in table
$# Warning reported from application FILE
$#     Unable to load node ID = 10 for the following reason...
$# Duplicate entry exists in table
$# Warning reported from application FILE
$#     Unable to load node ID = 11 for the following reason...
$# Duplicate entry exists in table
$# Warning reported from application FILE
$#     Unable to load node ID = 12 for the following reason...
$# Duplicate entry exists in table
$# Warning reported from application FILE
$#     Unable to load node ID = 13 for the following reason...
$# Duplicate entry exists in table
$# Warning reported from application FILE
$#     Unable to load node ID = 14 for the following reason...
$# Duplicate entry exists in table
$# Warning reported from application FILE
$#     Unable to load node ID = 15 for the following reason...
$# Duplicate entry exists in table
$# Warning reported from application FILE
$#     Unable to load node ID = 16 for the following reason...
$# Duplicate entry exists in table
$# Warning reported from application FILE
$#     Unable to load node ID = 17 for the following reason...
$# Duplicate entry exists in table
$# Warning reported from application FILE
$#     Unable to load node ID = 18 for the following reason...
$# Duplicate entry exists in table
$# Warning reported from application FILE
$#     Unable to load node ID = 19 for the following reason...
$# Duplicate entry exists in table
$# Warning reported from application FILE
$#     Unable to load node ID = 20 for the following reason...
$# Duplicate entry exists in table
$# Warning reported from application FILE
$#     Unable to load node ID = 21 for the following reason...
$# Duplicate entry exists in table
$# Warning reported from application FILE
$#     Unable to load node ID = 22 for the following reason...
$# Duplicate entry exists in table
$# Warning reported from application FILE
$#     Unable to load node ID = 23 for the following reason...
$# Duplicate entry exists in table
$# Warning reported from application FILE
$#     Unable to load node ID = 24 for the following reason...
$# Duplicate entry exists in table
$# Warning reported from application FILE
$#     Unable to load node ID = 25 for the following reason...
$# Duplicate entry exists in table
$# Warning reported from application FILE
$#     Unable to load node ID = 26 for the following reason...
$# Duplicate entry exists in table
$# Warning reported from application FILE
$#     Unable to load node ID = 27 for the following reason...
$# Duplicate entry exists in table
$# Warning reported from application FILE
$#     Unable to load node ID = 28 for the following reason...
$# Duplicate entry exists in table
$# Warning reported from application FILE
$#     Unable to load node ID = 29 for the following reason...
$# Duplicate entry exists in table
$# Warning reported from application FILE
$#     Unable to load node ID = 30 for the following reason...
$# Duplicate entry exists in table
$# Warning reported from application FILE
$#     Unable to load node ID = 31 for the following reason...
$# Duplicate entry exists in table
$# Warning reported from application FILE
$#     Unable to load node ID = 32 for the following reason...
$# Duplicate entry exists in table
$# Warning reported from application FILE
$#     Unable to load node ID = 33 for the following reason...
$# Duplicate entry exists in table
$# Warning reported from application FILE
$#     Unable to load node ID = 34 for the following reason...
$# Duplicate entry exists in table
$# Warning reported from application FILE
$#     Unable to load node ID = 35 for the following reason...
$# Duplicate entry exists in table
$# Warning reported from application FILE
$#     Unable to load node ID = 36 for the following reason...
$# Duplicate entry exists in table
$# Warning reported from application FILE
$#     Unable to load node ID = 37 for the following reason...
$# Duplicate entry exists in table
$# Warning reported from application FILE
$#     Unable to load node ID = 38 for the following reason...
$# Duplicate entry exists in table
$# Warning reported from application FILE
$#     Unable to load node ID = 39 for the following reason...
$# Duplicate entry exists in table
$# Warning reported from application FILE
$#     Unable to load node ID = 40 for the following reason...
$# Duplicate entry exists in table
$# Warning reported from application FILE
$#     Unable to load node ID = 41 for the following reason...
$# Duplicate entry exists in table
$# Warning reported from application FILE
$#     Unable to load node ID = 42 for the following reason...
$# Duplicate entry exists in table
$# Warning reported from application FILE
$#     Unable to load node ID = 43 for the following reason...
$# Duplicate entry exists in table
$# Warning reported from application FILE
$#     Unable to load node ID = 44 for the following reason...
$# Duplicate entry exists in table
$# Warning reported from application FILE
$#     Unable to load node ID = 45 for the following reason...
$# Duplicate entry exists in table
$# Warning reported from application FILE
$#     Unable to load node ID = 46 for the following reason...
$# Duplicate entry exists in table
$# Warning reported from application FILE
$#     Unable to load node ID = 47 for the following reason...
$# Duplicate entry exists in table
$# Warning reported from application FILE
$#     Unable to load node ID = 48 for the following reason...
$# Duplicate entry exists in table
$# Warning reported from application FILE
$#     Unable to load node ID = 49 for the following reason...
$# Duplicate entry exists in table
$# Warning reported from application FILE
$#     Unable to load node ID = 50 for the following reason...
$# Duplicate entry exists in table
$# Warning reported from application FILE
$#     Unable to load node ID = 51 for the following reason...
$# Duplicate entry exists in table
$# Warning reported from application FILE
$#     Unable to load node ID = 52 for the following reason...
$# Duplicate entry exists in table
$# Warning reported from application FILE
$#     Unable to load node ID = 53 for the following reason...
$# Duplicate entry exists in table
$# Warning reported from application FILE
$#     Unable to load node ID = 54 for the following reason...
$# Duplicate entry exists in table
$# Warning reported from application FILE
$#     Unable to load node ID = 55 for the following reason...
$# Duplicate entry exists in table
$# Warning reported from application FILE
$#     Unable to load node ID = 56 for the following reason...
$# Duplicate entry exists in table
$# Warning reported from application FILE
$#     Unable to load node ID = 57 for the following reason...
$# Duplicate entry exists in table
$# Warning reported from application FILE
$#     Unable to load node ID = 58 for the following reason...
$# Duplicate entry exists in table
$# Warning reported from application FILE
$#     Unable to load node ID = 59 for the following reason...
$# Duplicate entry exists in table
$# Warning reported from application FILE
$#     Unable to load node ID = 60 for the following reason...
$# Duplicate entry exists in table
$# Warning reported from application FILE
$#     Unable to load node ID = 61 for the following reason...
$# Duplicate entry exists in table
$# Warning reported from application FILE
$#     Unable to load node ID = 62 for the following reason...
$# Duplicate entry exists in table
$# Warning reported from application FILE
$#     Unable to load node ID = 63 for the following reason...
$# Duplicate entry exists in table
$# Warning reported from application FILE
$#     Unable to load node ID = 64 for the following reason...
$# Duplicate entry exists in table
$# Warning reported from application FILE
$#     Unable to load node ID = 65 for the following reason...
$# Duplicate entry exists in table
$# Warning reported from application FILE
$#     Unable to load node ID = 66 for the following reason...
$# Duplicate entry exists in table
$# Warning reported from application FILE
$#     Unable to load node ID = 67 for the following reason...
$# Duplicate entry exists in table
$# Warning reported from application FILE
$#     Unable to load node ID = 68 for the following reason...
$# Duplicate entry exists in table
$# Warning reported from application FILE
$#     Unable to load node ID = 69 for the following reason...
$# Duplicate entry exists in table
$# Warning reported from application FILE
$#     Unable to load node ID = 70 for the following reason...
$# Duplicate entry exists in table
$# Warning reported from application FILE
$#     Unable to load node ID = 71 for the following reason...
$# Duplicate entry exists in table
$# Warning reported from application FILE
$#     Unable to load node ID = 72 for the following reason...
$# Duplicate entry exists in table
$# Warning reported from application FILE
$#     Unable to load node ID = 73 for the following reason...
$# Duplicate entry exists in table
$# Warning reported from application FILE
$#     Unable to load node ID = 74 for the following reason...
$# Duplicate entry exists in table
$# Warning reported from application FILE
$#     Unable to load node ID = 75 for the following reason...
$# Duplicate entry exists in table
$# Warning reported from application FILE
$#     Unable to load node ID = 76 for the following reason...
$# Duplicate entry exists in table
$# Warning reported from application FILE
$#     Unable to load node ID = 77 for the following reason...
$# Duplicate entry exists in table
$# Warning reported from application FILE
$#     Unable to load node ID = 78 for the following reason...
$# Duplicate entry exists in table
$# Warning reported from application FILE
$#     Unable to load node ID = 79 for the following reason...
$# Duplicate entry exists in table
$# Warning reported from application FILE
$#     Unable to load node ID = 80 for the following reason...
$# Duplicate entry exists in table
$# Warning reported from application FILE
$#     Unable to load node ID = 81 for the following reason...
$# Duplicate entry exists in table
$# Warning reported from application FILE
$#     Unable to load node ID = 82 for the following reason...
$# Duplicate entry exists in table
$# Warning reported from application FILE
$#     Unable to load node ID = 83 for the following reason...
$# Duplicate entry exists in table
$# Warning reported from application FILE
$#     Unable to load node ID = 84 for the following reason...
$# Duplicate entry exists in table
$# Warning reported from application FILE
$#     Unable to load node ID = 85 for the following reason...
$# Duplicate entry exists in table
$# Warning reported from application FILE
$#     Unable to load node ID = 86 for the following reason...
$# Duplicate entry exists in table
$# Warning reported from application FILE
$#     Unable to load node ID = 87 for the following reason...
$# Duplicate entry exists in table
$# Warning reported from application FILE
$#     Unable to load node ID = 88 for the following reason...
$# Duplicate entry exists in table
$# Warning reported from application FILE
$#     Unable to load node ID = 89 for the following reason...
$# Duplicate entry exists in table
$# Warning reported from application FILE
$#     Unable to load node ID = 90 for the following reason...
$# Duplicate entry exists in table
$# Warning reported from application FILE
$#     Unable to load node ID = 91 for the following reason...
$# Duplicate entry exists in table
$# Warning reported from application FILE
$#     Unable to load node ID = 92 for the following reason...
$# Duplicate entry exists in table
$# Warning reported from application FILE
$#     Unable to load node ID = 93 for the following reason...
$# Duplicate entry exists in table
$# Warning reported from application FILE
$#     Unable to load node ID = 94 for the following reason...
$# Duplicate entry exists in table
$# Warning reported from application FILE
$#     Unable to load node ID = 95 for the following reason...
$# Duplicate entry exists in table
$# Warning reported from application FILE
$#     Unable to load node ID = 96 for the following reason...
$# Duplicate entry exists in table
$# Warning reported from application FILE
$#     Unable to load node ID = 97 for the following reason...
$# Duplicate entry exists in table
$# Warning reported from application FILE
$#     Unable to load node ID = 98 for the following reason...
$# Duplicate entry exists in table
$# Warning reported from application FILE
$#     Unable to load node ID = 99 for the following reason...
$# Duplicate entry exists in table
$# Warning reported from application FILE
$#     Unable to load node ID = 100 for the following reason...
$# Duplicate entry exists in table
$# Warning reported from application FILE
$#     Unable to load node ID = 101 for the following reason...
$# Duplicate entry exists in table
$# Warning reported from application FILE
$#     Unable to load node ID = 102 for the following reason...
$# Duplicate entry exists in table
$# Warning reported from application FILE
$#     Unable to load node ID = 103 for the following reason...
$# Duplicate entry exists in table
$# Warning reported from application FILE
$#     Unable to load node ID = 104 for the following reason...
$# Duplicate entry exists in table
$# Warning reported from application FILE
$#     Unable to load node ID = 105 for the following reason...
$# Duplicate entry exists in table
$# Warning reported from application FILE
$#     Unable to load node ID = 106 for the following reason...
$# Duplicate entry exists in table
$# Warning reported from application FILE
$#     Unable to load node ID = 107 for the following reason...
$# Duplicate entry exists in table
$# Warning reported from application FILE
$#     Unable to load node ID = 108 for the following reason...
$# Duplicate entry exists in table
$# Warning reported from application FILE
$#     Unable to load node ID = 109 for the following reason...
$# Duplicate entry exists in table
$# Warning reported from application FILE
$#     Unable to load node ID = 110 for the following reason...
$# Duplicate entry exists in table
$# Warning reported from application FILE
$#     Unable to load node ID = 111 for the following reason...
$# Duplicate entry exists in table
$# Warning reported from application FILE
$#     Unable to load node ID = 112 for the following reason...
$# Duplicate entry exists in table
$# Warning reported from application FILE
$#     Unable to load node ID = 113 for the following reason...
$# Duplicate entry exists in table
$# Warning reported from application FILE
$#     Unable to load node ID = 114 for the following reason...
$# Duplicate entry exists in table
$# Warning reported from application FILE
$#     Unable to load node ID = 115 for the following reason...
$# Duplicate entry exists in table
$# Warning reported from application FILE
$#     Unable to load node ID = 116 for the following reason...
$# Duplicate entry exists in table
$# Warning reported from application FILE
$#     Unable to load node ID = 117 for the following reason...
$# Duplicate entry exists in table
$# Warning reported from application FILE
$#     Unable to load node ID = 118 for the following reason...
$# Duplicate entry exists in table
$# Warning reported from application FILE
$#     Unable to load node ID = 119 for the following reason...
$# Duplicate entry exists in table
$# Warning reported from application FILE
$#     Unable to load node ID = 120 for the following reason...
$# Duplicate entry exists in table
$# Warning reported from application FILE
$#     Unable to load node ID = 121 for the following reason...
$# Duplicate entry exists in table
$# Warning reported from application FILE
$#     Unable to load node ID = 122 for the following reason...
$# Duplicate entry exists in table
$# Warning reported from application FILE
$#     Unable to load node ID = 123 for the following reason...
$# Duplicate entry exists in table
$# Warning reported from application FILE
$#     Unable to load node ID = 124 for the following reason...
$# Duplicate entry exists in table
$# Warning reported from application FILE
$#     Unable to load node ID = 125 for the following reason...
$# Duplicate entry exists in table
$# Warning reported from application FILE
$#     Unable to load node ID = 126 for the following reason...
$# Duplicate entry exists in table
$# 0 Nodes written to database.
$# 0 Materials written to database.
$# Question from application FILE
$#     Element 1 already exists in the database. Do you want to offset the ID 
$# that is being read?
$? YESFORALL 36002115 
$# Warning reported from application FILE
$#     Unable to load element ID = 1 for the following reason...
$# Warning reported from application FILE
$#     Successful Completion
$# Warning reported from application FILE
$#     Unable to load element ID = 2 for the following reason...
$# Warning reported from application FILE
$#     Successful Completion
$# Warning reported from application FILE
$#     Unable to load element ID = 3 for the following reason...
$# Warning reported from application FILE
$#     Successful Completion
$# Warning reported from application FILE
$#     Unable to load element ID = 4 for the following reason...
$# Warning reported from application FILE
$#     Successful Completion
$# Warning reported from application FILE
$#     Unable to load element ID = 5 for the following reason...
$# Warning reported from application FILE
$#     Successful Completion
$# Warning reported from application FILE
$#     Unable to load element ID = 6 for the following reason...
$# Warning reported from application FILE
$#     Successful Completion
$# Warning reported from application FILE
$#     Unable to load element ID = 7 for the following reason...
$# Warning reported from application FILE
$#     Successful Completion
$# Warning reported from application FILE
$#     Unable to load element ID = 8 for the following reason...
$# Warning reported from application FILE
$#     Successful Completion
$# Warning reported from application FILE
$#     Unable to load element ID = 9 for the following reason...
$# Warning reported from application FILE
$#     Successful Completion
$# Warning reported from application FILE
$#     Unable to load element ID = 10 for the following reason...
$# Warning reported from application FILE
$#     Successful Completion
$# Warning reported from application FILE
$#     Unable to load element ID = 11 for the following reason...
$# Warning reported from application FILE
$#     Successful Completion
$# Warning reported from application FILE
$#     Unable to load element ID = 12 for the following reason...
$# Warning reported from application FILE
$#     Successful Completion
$# Warning reported from application FILE
$#     Unable to load element ID = 13 for the following reason...
$# Warning reported from application FILE
$#     Successful Completion
$# Warning reported from application FILE
$#     Unable to load element ID = 14 for the following reason...
$# Warning reported from application FILE
$#     Successful Completion
$# Warning reported from application FILE
$#     Unable to load element ID = 15 for the following reason...
$# Warning reported from application FILE
$#     Successful Completion
$# Warning reported from application FILE
$#     Unable to load element ID = 16 for the following reason...
$# Warning reported from application FILE
$#     Successful Completion
$# Warning reported from application FILE
$#     Unable to load element ID = 17 for the following reason...
$# Warning reported from application FILE
$#     Successful Completion
$# Warning reported from application FILE
$#     Unable to load element ID = 18 for the following reason...
$# Warning reported from application FILE
$#     Successful Completion
$# Warning reported from application FILE
$#     Unable to load element ID = 19 for the following reason...
$# Warning reported from application FILE
$#     Successful Completion
$# Warning reported from application FILE
$#     Unable to load element ID = 20 for the following reason...
$# Warning reported from application FILE
$#     Successful Completion
$# Warning reported from application FILE
$#     Unable to load element ID = 21 for the following reason...
$# Warning reported from application FILE
$#     Successful Completion
$# Warning reported from application FILE
$#     Unable to load element ID = 22 for the following reason...
$# Warning reported from application FILE
$#     Successful Completion
$# Warning reported from application FILE
$#     Unable to load element ID = 23 for the following reason...
$# Warning reported from application FILE
$#     Successful Completion
$# Warning reported from application FILE
$#     Unable to load element ID = 24 for the following reason...
$# Warning reported from application FILE
$#     Successful Completion
$# Warning reported from application FILE
$#     Unable to load element ID = 25 for the following reason...
$# Warning reported from application FILE
$#     Successful Completion
$# Warning reported from application FILE
$#     Unable to load element ID = 26 for the following reason...
$# Warning reported from application FILE
$#     Successful Completion
$# Warning reported from application FILE
$#     Unable to load element ID = 27 for the following reason...
$# Warning reported from application FILE
$#     Successful Completion
$# Warning reported from application FILE
$#     Unable to load element ID = 28 for the following reason...
$# Warning reported from application FILE
$#     Successful Completion
$# Warning reported from application FILE
$#     Unable to load element ID = 29 for the following reason...
$# Warning reported from application FILE
$#     Successful Completion
$# Warning reported from application FILE
$#     Unable to load element ID = 30 for the following reason...
$# Warning reported from application FILE
$#     Successful Completion
$# Warning reported from application FILE
$#     Unable to load element ID = 31 for the following reason...
$# Warning reported from application FILE
$#     Successful Completion
$# Warning reported from application FILE
$#     Unable to load element ID = 32 for the following reason...
$# Warning reported from application FILE
$#     Successful Completion
$# Warning reported from application FILE
$#     Unable to load element ID = 33 for the following reason...
$# Warning reported from application FILE
$#     Successful Completion
$# Warning reported from application FILE
$#     Unable to load element ID = 34 for the following reason...
$# Warning reported from application FILE
$#     Successful Completion
$# Warning reported from application FILE
$#     Unable to load element ID = 35 for the following reason...
$# Warning reported from application FILE
$#     Successful Completion
$# Warning reported from application FILE
$#     Unable to load element ID = 36 for the following reason...
$# Warning reported from application FILE
$#     Successful Completion
$# Warning reported from application FILE
$#     Unable to load element ID = 37 for the following reason...
$# Warning reported from application FILE
$#     Successful Completion
$# Warning reported from application FILE
$#     Unable to load element ID = 38 for the following reason...
$# Warning reported from application FILE
$#     Successful Completion
$# Warning reported from application FILE
$#     Unable to load element ID = 39 for the following reason...
$# Warning reported from application FILE
$#     Successful Completion
$# Warning reported from application FILE
$#     Unable to load element ID = 40 for the following reason...
$# Warning reported from application FILE
$#     Successful Completion
$# Warning reported from application FILE
$#     Unable to load element ID = 41 for the following reason...
$# Warning reported from application FILE
$#     Successful Completion
$# Warning reported from application FILE
$#     Unable to load element ID = 42 for the following reason...
$# Warning reported from application FILE
$#     Successful Completion
$# Warning reported from application FILE
$#     Unable to load element ID = 43 for the following reason...
$# Warning reported from application FILE
$#     Successful Completion
$# Warning reported from application FILE
$#     Unable to load element ID = 44 for the following reason...
$# Warning reported from application FILE
$#     Successful Completion
$# Warning reported from application FILE
$#     Unable to load element ID = 45 for the following reason...
$# Warning reported from application FILE
$#     Successful Completion
$# Warning reported from application FILE
$#     Unable to load element ID = 46 for the following reason...
$# Warning reported from application FILE
$#     Successful Completion
$# Warning reported from application FILE
$#     Unable to load element ID = 47 for the following reason...
$# Warning reported from application FILE
$#     Successful Completion
$# Warning reported from application FILE
$#     Unable to load element ID = 48 for the following reason...
$# Warning reported from application FILE
$#     Successful Completion
$# Warning reported from application FILE
$#     Unable to load element ID = 49 for the following reason...
$# Warning reported from application FILE
$#     Successful Completion
$# Warning reported from application FILE
$#     Unable to load element ID = 50 for the following reason...
$# Warning reported from application FILE
$#     Successful Completion
$# Warning reported from application FILE
$#     Unable to load element ID = 51 for the following reason...
$# Warning reported from application FILE
$#     Successful Completion
$# Warning reported from application FILE
$#     Unable to load element ID = 52 for the following reason...
$# Warning reported from application FILE
$#     Successful Completion
$# Warning reported from application FILE
$#     Unable to load element ID = 53 for the following reason...
$# Warning reported from application FILE
$#     Successful Completion
$# Warning reported from application FILE
$#     Unable to load element ID = 54 for the following reason...
$# Warning reported from application FILE
$#     Successful Completion
$# Warning reported from application FILE
$#     Unable to load element ID = 55 for the following reason...
$# Warning reported from application FILE
$#     Successful Completion
$# Warning reported from application FILE
$#     Unable to load element ID = 56 for the following reason...
$# Warning reported from application FILE
$#     Successful Completion
$# Warning reported from application FILE
$#     Unable to load element ID = 57 for the following reason...
$# Warning reported from application FILE
$#     Successful Completion
$# Warning reported from application FILE
$#     Unable to load element ID = 58 for the following reason...
$# Warning reported from application FILE
$#     Successful Completion
$# Warning reported from application FILE
$#     Unable to load element ID = 59 for the following reason...
$# Warning reported from application FILE
$#     Successful Completion
$# Warning reported from application FILE
$#     Unable to load element ID = 60 for the following reason...
$# Warning reported from application FILE
$#     Successful Completion
$# Warning reported from application FILE
$#     Unable to load element ID = 61 for the following reason...
$# Warning reported from application FILE
$#     Successful Completion
$# Warning reported from application FILE
$#     Unable to load element ID = 62 for the following reason...
$# Warning reported from application FILE
$#     Successful Completion
$# Warning reported from application FILE
$#     Unable to load element ID = 63 for the following reason...
$# Warning reported from application FILE
$#     Successful Completion
$# Warning reported from application FILE
$#     Unable to load element ID = 64 for the following reason...
$# Warning reported from application FILE
$#     Successful Completion
$# Warning reported from application FILE
$#     Unable to load element ID = 65 for the following reason...
$# Warning reported from application FILE
$#     Successful Completion
$# Warning reported from application FILE
$#     Unable to load element ID = 66 for the following reason...
$# Warning reported from application FILE
$#     Successful Completion
$# Warning reported from application FILE
$#     Unable to load element ID = 67 for the following reason...
$# Warning reported from application FILE
$#     Successful Completion
$# Warning reported from application FILE
$#     Unable to load element ID = 68 for the following reason...
$# Warning reported from application FILE
$#     Successful Completion
$# Warning reported from application FILE
$#     Unable to load element ID = 69 for the following reason...
$# Warning reported from application FILE
$#     Successful Completion
$# Warning reported from application FILE
$#     Unable to load element ID = 70 for the following reason...
$# Warning reported from application FILE
$#     Successful Completion
$# Warning reported from application FILE
$#     Unable to load element ID = 71 for the following reason...
$# Warning reported from application FILE
$#     Successful Completion
$# Warning reported from application FILE
$#     Unable to load element ID = 72 for the following reason...
$# Warning reported from application FILE
$#     Successful Completion
$# Warning reported from application FILE
$#     Unable to load element ID = 73 for the following reason...
$# Warning reported from application FILE
$#     Successful Completion
$# Warning reported from application FILE
$#     Unable to load element ID = 74 for the following reason...
$# Warning reported from application FILE
$#     Successful Completion
$# Warning reported from application FILE
$#     Unable to load element ID = 75 for the following reason...
$# Warning reported from application FILE
$#     Successful Completion
$# Warning reported from application FILE
$#     Unable to load element ID = 76 for the following reason...
$# Warning reported from application FILE
$#     Successful Completion
$# Warning reported from application FILE
$#     Unable to load element ID = 77 for the following reason...
$# Warning reported from application FILE
$#     Successful Completion
$# Warning reported from application FILE
$#     Unable to load element ID = 78 for the following reason...
$# Warning reported from application FILE
$#     Successful Completion
$# Warning reported from application FILE
$#     Unable to load element ID = 79 for the following reason...
$# Warning reported from application FILE
$#     Successful Completion
$# Warning reported from application FILE
$#     Unable to load element ID = 80 for the following reason...
$# Warning reported from application FILE
$#     Successful Completion
$# Warning reported from application FILE
$#     Unable to load element ID = 81 for the following reason...
$# Warning reported from application FILE
$#     Successful Completion
$# Warning reported from application FILE
$#     Unable to load element ID = 82 for the following reason...
$# Warning reported from application FILE
$#     Successful Completion
$# Warning reported from application FILE
$#     Unable to load element ID = 83 for the following reason...
$# Warning reported from application FILE
$#     Successful Completion
$# Warning reported from application FILE
$#     Unable to load element ID = 84 for the following reason...
$# Warning reported from application FILE
$#     Successful Completion
$# Warning reported from application FILE
$#     Unable to load element ID = 85 for the following reason...
$# Warning reported from application FILE
$#     Successful Completion
$# Warning reported from application FILE
$#     Unable to load element ID = 86 for the following reason...
$# Warning reported from application FILE
$#     Successful Completion
$# Warning reported from application FILE
$#     Unable to load element ID = 87 for the following reason...
$# Warning reported from application FILE
$#     Successful Completion
$# Warning reported from application FILE
$#     Unable to load element ID = 88 for the following reason...
$# Warning reported from application FILE
$#     Successful Completion
$# Warning reported from application FILE
$#     Unable to load element ID = 89 for the following reason...
$# Warning reported from application FILE
$#     Successful Completion
$# Warning reported from application FILE
$#     Unable to load element ID = 90 for the following reason...
$# Warning reported from application FILE
$#     Successful Completion
$# Warning reported from application FILE
$#     Unable to load element ID = 91 for the following reason...
$# Warning reported from application FILE
$#     Successful Completion
$# Warning reported from application FILE
$#     Unable to load element ID = 92 for the following reason...
$# Warning reported from application FILE
$#     Successful Completion
$# Warning reported from application FILE
$#     Unable to load element ID = 93 for the following reason...
$# Warning reported from application FILE
$#     Successful Completion
$# Warning reported from application FILE
$#     Unable to load element ID = 94 for the following reason...
$# Warning reported from application FILE
$#     Successful Completion
$# Warning reported from application FILE
$#     Unable to load element ID = 95 for the following reason...
$# Warning reported from application FILE
$#     Successful Completion
$# Warning reported from application FILE
$#     Unable to load element ID = 96 for the following reason...
$# Warning reported from application FILE
$#     Successful Completion
$# Warning reported from application FILE
$#     Unable to load element ID = 97 for the following reason...
$# Warning reported from application FILE
$#     Successful Completion
$# Warning reported from application FILE
$#     Unable to load element ID = 98 for the following reason...
$# Warning reported from application FILE
$#     Successful Completion
$# Warning reported from application FILE
$#     Unable to load element ID = 99 for the following reason...
$# Warning reported from application FILE
$#     Successful Completion
$# Warning reported from application FILE
$#     Unable to load element ID = 100 for the following reason...
$# Warning reported from application FILE
$#     Successful Completion
$# Warning reported from application FILE
$#     Unable to load element ID = 101 for the following reason...
$# Warning reported from application FILE
$#     Successful Completion
$# Warning reported from application FILE
$#     Unable to load element ID = 102 for the following reason...
$# Warning reported from application FILE
$#     Successful Completion
$# Warning reported from application FILE
$#     Unable to load element ID = 103 for the following reason...
$# Warning reported from application FILE
$#     Successful Completion
$# Warning reported from application FILE
$#     Unable to load element ID = 104 for the following reason...
$# Warning reported from application FILE
$#     Successful Completion
$# Warning reported from application FILE
$#     Unable to load element ID = 105 for the following reason...
$# Warning reported from application FILE
$#     Successful Completion
$# Warning reported from application FILE
$#     Unable to load element ID = 106 for the following reason...
$# Warning reported from application FILE
$#     Successful Completion
$# Warning reported from application FILE
$#     Unable to load element ID = 107 for the following reason...
$# Warning reported from application FILE
$#     Successful Completion
$# Warning reported from application FILE
$#     Unable to load element ID = 108 for the following reason...
$# Warning reported from application FILE
$#     Successful Completion
$# Warning reported from application FILE
$#     Unable to load element ID = 109 for the following reason...
$# Warning reported from application FILE
$#     Successful Completion
$# Warning reported from application FILE
$#     Unable to load element ID = 110 for the following reason...
$# Warning reported from application FILE
$#     Successful Completion
$# Warning reported from application FILE
$#     Unable to load element ID = 111 for the following reason...
$# Warning reported from application FILE
$#     Successful Completion
$# Warning reported from application FILE
$#     Unable to load element ID = 112 for the following reason...
$# Warning reported from application FILE
$#     Successful Completion
$# Warning reported from application FILE
$#     Unable to load element ID = 113 for the following reason...
$# Warning reported from application FILE
$#     Successful Completion
$# Warning reported from application FILE
$#     Unable to load element ID = 114 for the following reason...
$# Warning reported from application FILE
$#     Successful Completion
$# Warning reported from application FILE
$#     Unable to load element ID = 115 for the following reason...
$# Warning reported from application FILE
$#     Successful Completion
$# Warning reported from application FILE
$#     Unable to load element ID = 116 for the following reason...
$# Warning reported from application FILE
$#     Successful Completion
$# Warning reported from application FILE
$#     Unable to load element ID = 117 for the following reason...
$# Warning reported from application FILE
$#     Successful Completion
$# Warning reported from application FILE
$#     Unable to load element ID = 118 for the following reason...
$# Warning reported from application FILE
$#     Successful Completion
$# Warning reported from application FILE
$#     Unable to load element ID = 119 for the following reason...
$# Warning reported from application FILE
$#     Successful Completion
$# Warning reported from application FILE
$#     Unable to load element ID = 120 for the following reason...
$# Warning reported from application FILE
$#     Successful Completion
$# Warning reported from application FILE
$#     Unable to load element ID = 121 for the following reason...
$# Warning reported from application FILE
$#     Successful Completion
$# Warning reported from application FILE
$#     Unable to load element ID = 122 for the following reason...
$# Warning reported from application FILE
$#     Successful Completion
$# Warning reported from application FILE
$#     Unable to load element ID = 123 for the following reason...
$# Warning reported from application FILE
$#     Successful Completion
$# Warning reported from application FILE
$#     Unable to load element ID = 124 for the following reason...
$# Warning reported from application FILE
$#     Successful Completion
$# Warning reported from application FILE
$#     Unable to load element ID = 125 for the following reason...
$# Warning reported from application FILE
$#     Successful Completion
$# Warning reported from application FILE
$#     Unable to load element ID = 126 for the following reason...
$# Warning reported from application FILE
$#     Successful Completion
$# Warning reported from application FILE
$#     Unable to load element ID = 127 for the following reason...
$# Warning reported from application FILE
$#     Successful Completion
$# Warning reported from application FILE
$#     Unable to load element ID = 128 for the following reason...
$# Warning reported from application FILE
$#     Successful Completion
$# Warning reported from application FILE
$#     Unable to load element ID = 129 for the following reason...
$# Warning reported from application FILE
$#     Successful Completion
$# Warning reported from application FILE
$#     Unable to load element ID = 130 for the following reason...
$# Warning reported from application FILE
$#     Successful Completion
$# Warning reported from application FILE
$#     Unable to load element ID = 131 for the following reason...
$# Warning reported from application FILE
$#     Successful Completion
$# Warning reported from application FILE
$#     Unable to load element ID = 132 for the following reason...
$# Warning reported from application FILE
$#     Successful Completion
$# Warning reported from application FILE
$#     Unable to load element ID = 133 for the following reason...
$# Warning reported from application FILE
$#     Successful Completion
$# Warning reported from application FILE
$#     Unable to load element ID = 134 for the following reason...
$# Warning reported from application FILE
$#     Successful Completion
$# Warning reported from application FILE
$#     Unable to load element ID = 135 for the following reason...
$# Warning reported from application FILE
$#     Successful Completion
$# Warning reported from application FILE
$#     Unable to load element ID = 136 for the following reason...
$# Warning reported from application FILE
$#     Successful Completion
$# Warning reported from application FILE
$#     Unable to load element ID = 137 for the following reason...
$# Warning reported from application FILE
$#     Successful Completion
$# Warning reported from application FILE
$#     Unable to load element ID = 138 for the following reason...
$# Warning reported from application FILE
$#     Successful Completion
$# Warning reported from application FILE
$#     Unable to load element ID = 139 for the following reason...
$# Warning reported from application FILE
$#     Successful Completion
$# Warning reported from application FILE
$#     Unable to load element ID = 140 for the following reason...
$# Warning reported from application FILE
$#     Successful Completion
$# Warning reported from application FILE
$#     Unable to load element ID = 141 for the following reason...
$# Warning reported from application FILE
$#     Successful Completion
$# Warning reported from application FILE
$#     Unable to load element ID = 142 for the following reason...
$# Warning reported from application FILE
$#     Successful Completion
$# Warning reported from application FILE
$#     Unable to load element ID = 143 for the following reason...
$# Warning reported from application FILE
$#     Successful Completion
$# Warning reported from application FILE
$#     Unable to load element ID = 144 for the following reason...
$# Warning reported from application FILE
$#     Successful Completion
$# Warning reported from application FILE
$#     Unable to load element ID = 145 for the following reason...
$# Warning reported from application FILE
$#     Successful Completion
$# Warning reported from application FILE
$#     Unable to load element ID = 146 for the following reason...
$# Warning reported from application FILE
$#     Successful Completion
$# Warning reported from application FILE
$#     Unable to load element ID = 147 for the following reason...
$# Warning reported from application FILE
$#     Successful Completion
$# Warning reported from application FILE
$#     Unable to load element ID = 148 for the following reason...
$# Warning reported from application FILE
$#     Successful Completion
$# Warning reported from application FILE
$#     Unable to load element ID = 149 for the following reason...
$# Warning reported from application FILE
$#     Successful Completion
$# Warning reported from application FILE
$#     Unable to load element ID = 150 for the following reason...
$# Warning reported from application FILE
$#     Successful Completion
$# Warning reported from application FILE
$#     Unable to load element ID = 151 for the following reason...
$# Warning reported from application FILE
$#     Successful Completion
$# Warning reported from application FILE
$#     Unable to load element ID = 152 for the following reason...
$# Warning reported from application FILE
$#     Successful Completion
$# Warning reported from application FILE
$#     Unable to load element ID = 153 for the following reason...
$# Warning reported from application FILE
$#     Successful Completion
$# Warning reported from application FILE
$#     Unable to load element ID = 154 for the following reason...
$# Warning reported from application FILE
$#     Successful Completion
$# Warning reported from application FILE
$#     Unable to load element ID = 155 for the following reason...
$# Warning reported from application FILE
$#     Successful Completion
$# Warning reported from application FILE
$#     Unable to load element ID = 156 for the following reason...
$# Warning reported from application FILE
$#     Successful Completion
$# Warning reported from application FILE
$#     Unable to load element ID = 157 for the following reason...
$# Warning reported from application FILE
$#     Successful Completion
$# Warning reported from application FILE
$#     Unable to load element ID = 158 for the following reason...
$# Warning reported from application FILE
$#     Successful Completion
$# Warning reported from application FILE
$#     Unable to load element ID = 159 for the following reason...
$# Warning reported from application FILE
$#     Successful Completion
$# Warning reported from application FILE
$#     Unable to load element ID = 160 for the following reason...
$# Warning reported from application FILE
$#     Successful Completion
$# Warning reported from application FILE
$#     Unable to load element ID = 161 for the following reason...
$# Warning reported from application FILE
$#     Successful Completion
$# Warning reported from application FILE
$#     Unable to load element ID = 162 for the following reason...
$# Warning reported from application FILE
$#     Successful Completion
$# Warning reported from application FILE
$#     Unable to load element ID = 163 for the following reason...
$# Warning reported from application FILE
$#     Successful Completion
$# Warning reported from application FILE
$#     Unable to load element ID = 164 for the following reason...
$# Warning reported from application FILE
$#     Successful Completion
$# Warning reported from application FILE
$#     Unable to load element ID = 165 for the following reason...
$# Warning reported from application FILE
$#     Successful Completion
$# Warning reported from application FILE
$#     Unable to load element ID = 166 for the following reason...
$# Warning reported from application FILE
$#     Successful Completion
$# Warning reported from application FILE
$#     Unable to load element ID = 167 for the following reason...
$# Warning reported from application FILE
$#     Successful Completion
$# Warning reported from application FILE
$#     Unable to load element ID = 168 for the following reason...
$# Warning reported from application FILE
$#     Successful Completion
$# Warning reported from application FILE
$#     Unable to load element ID = 169 for the following reason...
$# Warning reported from application FILE
$#     Successful Completion
$# Warning reported from application FILE
$#     Unable to load element ID = 170 for the following reason...
$# Warning reported from application FILE
$#     Successful Completion
$# Warning reported from application FILE
$#     Unable to load element ID = 171 for the following reason...
$# Warning reported from application FILE
$#     Successful Completion
$# Warning reported from application FILE
$#     Unable to load element ID = 172 for the following reason...
$# Warning reported from application FILE
$#     Successful Completion
$# Warning reported from application FILE
$#     Unable to load element ID = 173 for the following reason...
$# Warning reported from application FILE
$#     Successful Completion
$# Warning reported from application FILE
$#     Unable to load element ID = 174 for the following reason...
$# Warning reported from application FILE
$#     Successful Completion
$# Warning reported from application FILE
$#     Unable to load element ID = 175 for the following reason...
$# Warning reported from application FILE
$#     Successful Completion
$# Warning reported from application FILE
$#     Unable to load element ID = 176 for the following reason...
$# Warning reported from application FILE
$#     Successful Completion
$# Warning reported from application FILE
$#     Unable to load element ID = 177 for the following reason...
$# Warning reported from application FILE
$#     Successful Completion
$# Warning reported from application FILE
$#     Unable to load element ID = 178 for the following reason...
$# Warning reported from application FILE
$#     Successful Completion
$# Warning reported from application FILE
$#     Unable to load element ID = 179 for the following reason...
$# Warning reported from application FILE
$#     Successful Completion
$# Warning reported from application FILE
$#     Unable to load element ID = 180 for the following reason...
$# Warning reported from application FILE
$#     Successful Completion
$# Warning reported from application FILE
$#     Unable to load element ID = 181 for the following reason...
$# Warning reported from application FILE
$#     Successful Completion
$# Warning reported from application FILE
$#     Unable to load element ID = 182 for the following reason...
$# Warning reported from application FILE
$#     Successful Completion
$# Warning reported from application FILE
$#     Unable to load element ID = 183 for the following reason...
$# Warning reported from application FILE
$#     Successful Completion
$# Warning reported from application FILE
$#     Unable to load element ID = 184 for the following reason...
$# Warning reported from application FILE
$#     Successful Completion
$# Warning reported from application FILE
$#     Unable to load element ID = 185 for the following reason...
$# Warning reported from application FILE
$#     Successful Completion
$# Warning reported from application FILE
$#     Unable to load element ID = 186 for the following reason...
$# Warning reported from application FILE
$#     Successful Completion
$# Warning reported from application FILE
$#     Unable to load element ID = 187 for the following reason...
$# Warning reported from application FILE
$#     Successful Completion
$# Warning reported from application FILE
$#     Unable to load element ID = 188 for the following reason...
$# Warning reported from application FILE
$#     Successful Completion
$# Warning reported from application FILE
$#     Unable to load element ID = 189 for the following reason...
$# Warning reported from application FILE
$#     Successful Completion
$# Warning reported from application FILE
$#     Unable to load element ID = 190 for the following reason...
$# Warning reported from application FILE
$#     Successful Completion
$# Warning reported from application FILE
$#     Unable to load element ID = 191 for the following reason...
$# Warning reported from application FILE
$#     Successful Completion
$# Warning reported from application FILE
$#     Unable to load element ID = 192 for the following reason...
$# Warning reported from application FILE
$#     Successful Completion
$# Warning reported from application FILE
$#     Unable to load element ID = 193 for the following reason...
$# Warning reported from application FILE
$#     Successful Completion
$# Warning reported from application FILE
$#     Unable to load element ID = 194 for the following reason...
$# Warning reported from application FILE
$#     Successful Completion
$# Warning reported from application FILE
$#     Unable to load element ID = 195 for the following reason...
$# Warning reported from application FILE
$#     Successful Completion
$# Warning reported from application FILE
$#     Unable to load element ID = 196 for the following reason...
$# Warning reported from application FILE
$#     Successful Completion
$# 0 Elements written to database.
$# 0 Property Sets written to database.
$# Reading of MSC.Nastran input file completed.
ga_view_aa_set( -69.166374, 12.601925, 55.726551 )
uil_viewport_post_groups.posted_groups( "default_viewport", 1, ["fem.fuse"] )
$# Question from application Group Applications
$#     Associated members of group to be deleted will be deleted from the 
$# model regardless of possible membership in other groups. Continue to delete?
$? YES 11001006 
sys_poll_option( 2 )
uil_group_delete_group.delete_groups( TRUE, 1, ["fem.canard"] )
sys_poll_option( 0 )
ga_view_aa_set( -56.475491, 13.872255, 42.073555 )
ga_view_aa_set( -85.298264, 32.578102, 87.154106 )
ga_view_aa_set( -54.935722, 13.699622, 50.179691 )
ga_view_aa_set( 0., 0., 0. )
ga_view_center_set( 14.913644, -4.338712 )
ga_view_center_set( 4.244946, -4.467251 )
ga_view_zoom_set( 19.602129 )
ga_view_aa_set( -22.193262, 7.532830, 2.648685 )
ga_view_aa_set( 0., 0., 0. )
ga_view_center_set( 0.520540, -5.839399 )
ga_display_shrfem_set( "general", 0.30000001 )
sys_poll_option( 2 )
ga_group_create( "fem.fuse.spine" )
ga_group_entity_add( "fem.fuse.spine", "Node 1:124 127 131:141:5 145 150 1" // @
"54 159 167 169 175:178 186 188 194:197 205 207 213:216 220 225 Elm 1:180 " // @
"241 243 269 271 297 299" )
$# Group "fem.fuse.spine" created.
sys_poll_option( 0 )
ga_view_aa_set( -11.439837, 18.924463, 2.746372 )
ga_view_aa_set( 0., 0., 0. )
ga_group_entity_remove( "fem.fuse", "Node 1:124 127 131:141:5 145 150 154 " // @
"159 167 169 175:178 186 188 194:197 205 207 213:216 220 225 Elm 1:180 241" // @
" 243 269 271 297 299" )
$# Entities removed from Group "fem.fuse": Node 1:124 127 131:141:5 145 150 
$# 154 159 167 169 175:178 186 188 194:197 205 207 213:216 220 225 Elm 1:180 
$# 241 243 269 271 297 299
ga_view_aa_set( -30.603813, 8.983573, 32.066471 )
ga_view_aa_set( -37.687916, 18.230042, 7.865097 )
ga_view_aa_set( 0., 180., 0. )
ga_view_aa_set( -90., 0., 0. )
ga_display_shrfem_set( "general", 0.30000001 )
ga_display_shrfem_set( "general", 0. )
ga_display_shrfem_set( "general", 0.30000001 )
ga_view_aa_set( 180., 90., 180. )
gu_fit_view(  )
ga_view_zoom_set( 5.762190 )
ga_view_center_set( -0.864329, -4.557744 )
ga_view_aa_set( 180., 90., 180. )
ga_view_aa_set( -49.391060, -9.699897, 23.588575 )
ga_view_center_set( -2.766585, -4.742430 )
ga_view_zoom_set( 7.923011 )
ga_view_center_set( -5.382194, -4.996371 )
ga_view_zoom_set( 10.894140 )
ga_view_center_set( -8.943736, -5.144769 )
ga_view_zoom_set( 14.979443 )
ga_view_aa_set( -84.459656, -3.230419, 23.188990 )
ga_view_aa_set( 180., 90., 180. )
gu_fit_view(  )
ga_display_shrfem_set( "general", 0. )
sys_poll_option( 2 )
ga_group_create( "fem.fuse.bulkheads" )
ga_group_entity_add( "fem.fuse.bulkheads",  @
"Node 125 126 128:130 132:135 137:140 160:166:3 170 173 174 179:185:3 189 " // @
"192 193 198:204:3 208 211 212 228 230 235:240 243 252:254 275:278 280 345" // @
":348 356 362:364 Elm 181:240 242 244:268 270 272:296 298 300:334 339:342 " // @
"348 359:362 367:377 382 384:416:16 422 443:475:16 499 503 504 509 511:513" // @
" 515:517 524:528:2 541:544 552 557:559 561 566:574 648 705 713:717:2 723 " // @
"731:733 735 736 738 739 741 742 744" )
ga_viewport_group_unpost_all( "" )
ga_group_current_set( "fem.fuse.bulkheads" )
$# Group "fem.fuse.bulkheads" created.
sys_poll_option( 0 )
ga_view_zoom_set( 9.840041 )
ga_view_aa_set( -18.619926, 3.159101, 8.836234 )
ga_view_center_set( -2.412704, 0.898849 )
ga_view_zoom_set( 13.530057 )
ga_view_center_set( -5.730171, 2.134769 )
ga_view_zoom_set( 18.603828 )
ga_view_center_set( -10.291693, 3.834156 )
ga_view_zoom_set( 25.580265 )
ga_view_center_set( -16.563774, 6.170816 )
ga_view_zoom_set( 35.172863 )
ga_view_aa_set( -65.466164, 0.842094, 22.929365 )
ga_view_aa_set( 0., 0., 0. )
ga_view_aa_set( 0., 180., 0. )
ga_view_aa_set( 90., 0., 0. )
ga_view_zoom_set( 21.983036 )
gu_fit_view(  )
ga_view_center_set( 4.340221, -0.933379 )
ga_view_zoom_set( 14.560734 )
ga_view_center_set( 7.496742, -1.612202 )
ga_view_zoom_set( 10.589624 )
ga_view_center_set( 9.952843, -2.834081 )
ga_view_zoom_set( 7.701545 )
ga_view_center_set( 18.270512, -2.680050 )
ga_group_entity_remove( "fem.fuse.bulkheads", "Elm 382 384" )
$# Entities removed from Group "fem.fuse.bulkheads": Elm 382 384
node_size( 9 )
ga_view_center_set( 8.412531, -2.911096 )
ga_group_entity_remove( "fem.fuse.bulkheads", "Elm 422 475" )
$# Entities removed from Group "fem.fuse.bulkheads": Elm 422 475
ga_view_aa_set( 90.000000, 0.000000, -9.999999 )
ga_view_aa_set( -90., 0., 0. )
ga_view_center_set( -7.837728, 2.402970 )
ga_group_entity_remove( "fem.fuse.bulkheads", "Elm 348 416 459 499 503 504" )
$# Entities removed from Group "fem.fuse.bulkheads": Elm 348 416 459 499 503 504
ga_group_entity_remove( "fem.fuse.bulkheads", "Elm 400 443" )
$# Entities removed from Group "fem.fuse.bulkheads": Elm 400 443
ga_view_center_set( -13.382845, 1.632816 )
ga_group_entity_remove( "fem.fuse.bulkheads",  @
"Node 239 240 Elm 331:334 341 342 359 369 370 511:513 515 552 557:559 561 " // @
"648 713:717:2 731" )
$# Entities removed from Group "fem.fuse.bulkheads": Node 239 240 Elm 331:334 
$# 341 342 359 369 370 511:513 515 552 557:559 561 648 713:717:2 731
ga_view_center_set( -17.926760, 0.708631 )
ga_group_entity_remove( "fem.fuse.bulkheads",  @
"Node 235 276 346 348 Elm 329 330 360 361 371 374:377 509 524 541:544 566:" // @
"568 571 572 574 723 735 738" )
$# Entities removed from Group "fem.fuse.bulkheads": Node 235 276 346 348 Elm 
$# 329 330 360 361 371 374:377 509 524 541:544 566:568 571 572 574 723 735 738
ga_view_center_set( -18.927961, 0.400569 )
ga_view_aa_set( -122.894951, -8.960735, 10.430882 )
ga_view_aa_set( -90., 0., 0. )
ga_group_entity_remove( "fem.fuse.bulkheads",  @
"Node 252 253 277 278 364 Elm 339 340 362 367 368 372 373 516 517 526 528 " // @
"569 570 573 705 732 733:739:3 741 742 744" )
$# Entities removed from Group "fem.fuse.bulkheads": Node 252 253 277 278 364 
$# Elm 339 340 362 367 368 372 373 516 517 526 528 569 570 573 705 732 
$# 733:739:3 741 742 744
ga_view_zoom_set( 17.713558 )
ga_view_aa_set( -64.168526, 6.790245, 37.028095 )
ga_view_center_set( 15.613481, 1.286247 )
ga_view_center_set( -1.391533, -1.902194 )
ga_view_aa_set( -76.364761, -1.722830, 22.137592 )
ga_view_center_set( 5.693890, -1.016516 )
ga_view_aa_set( -51.369972, 7.214451, 14.172114 )
uil_viewport_post_groups.posted_groups( "default_viewport", 1, ["fem.fuse"] )
ga_view_aa_set( -90.378433, 1.600237, 96.708237 )
ga_view_aa_set( 180., 90., 180. )
ga_view_sr_set( 0, 0, 30. )
ga_view_sr_set( 0, 0, 30. )
ga_view_sr_set( 0, 0, 30. )
ga_view_zoom_set( 6.170245 )
sys_poll_option( 2 )
ga_group_create( "fem.fuse.skin" )
ga_group_entity_add( "fem.fuse.skin", "Node 125 126 128:130 132:135 137:14" // @
"0 142:144 146:149 151:153 155:158 160:166 168 170:174 179:185 187 189:193" // @
" 198:204 206 208:212 217:219 221:224 226:406 Elm 181:240 242 244:268 270 " // @
"272:296 298 300:744" )
ga_viewport_group_unpost_all( "" )
ga_group_current_set( "fem.fuse.skin" )
$# Group "fem.fuse.skin" created.
sys_poll_option( 0 )
uil_viewport_post_groups.posted_groups( "default_viewport", 1, [ @
"fem.fuse.bulkheads"] )
ga_view_aa_set( -86.051552, -0.760809, 84.068733 )
ga_view_center_set( -1.795775, 0.017309 )
ga_view_zoom_set( 7.425421 )
ga_view_center_set( -4.264967, 0.041109 )
ga_view_zoom_set( 10.209954 )
ga_view_center_set( -7.660104, 0.073834 )
ga_view_zoom_set( 14.038687 )
ga_group_entity_remove( "fem.fuse.skin",  @
"Node 125 126 128:130 132:135 137:140 160:166:3 170 173 174 179:185:3 189 " // @
"192 193 198:204:3 208 211 212 228 230 236:238 243 254 275 280 345 347 356" // @
" 362 363 Elm 181:240 242 244:268 270 272:296 298 300:328" )
$# Entities removed from Group "fem.fuse.skin": Node 125 126 128:130 132:135 
$# 137:140 160:166:3 170 173 174 179:185:3 189 192 193 198:204:3 208 211 212 
$# 228 230 236:238 243 254 275 280 345 347 356 362 363 Elm 181:240 242 
$# 244:268 270 272:296 298 300:328
uil_viewport_post_groups.posted_groups( "default_viewport", 1, [ @
"fem.fuse.skin"] )
ga_view_aa_set( -65.564095, -2.712728, 58.351082 )
ga_view_center_set( -2.102226, 1.099403 )
ga_view_zoom_set( 10.068404 )
ga_view_center_set( -5.232466, 2.414427 )
ga_view_zoom_set( 13.844056 )
ga_view_center_set( -9.536551, 4.222586 )
ga_view_zoom_set( 19.035578 )
ga_view_center_set( -15.485172, 6.663044 )
ga_view_zoom_set( 26.173920 )
ga_view_aa_set( -80.205833, -1.254122, 68.283318 )
ga_view_center_set( 4.407008, -5.376960 )
ga_view_aa_set( -76.097885, -10.982547, 31.304573 )
ga_view_center_set( 8.601551, -1.578992 )
ga_view_zoom_set( 19.035578 )
ga_view_center_set( 11.685408, 1.194256 )
ga_view_zoom_set( 13.844056 )
ga_view_center_set( 13.984686, 3.195031 )
ga_view_zoom_set( 10.068404 )
ga_view_aa_set( -65.896599, -6.160074, 45.658745 )
uil_viewport_post_groups.posted_groups( "default_viewport", 2, ["fem.fin",  @
"fem.fuse.skin"] )
ga_view_center_set( 7.040590, 0.065819 )
ga_view_zoom_set( 11.444968 )
node_size( 0 )
ga_view_aa_set( -72.142357, 1.464638, 66.305794 )
uil_toolbar.shaded_smooth(  )
ga_view_aa_set( -63.427147, -38.818790, -46.475449 )
ga_view_center_set( 6.270264, 2.165896 )
ga_view_zoom_set( 15.736832 )
ga_view_center_set( 5.211063, 5.040893 )
ga_view_zoom_set( 21.638144 )
ga_view_center_set( 5.866768, 2.216331 )
ga_view_zoom_set( 15.736832 )
ga_view_center_set( 6.343647, 0.162104 )
ga_view_zoom_set( 11.444968 )
ga_view_center_set( 6.690470, -1.325211 )
ga_view_zoom_set( 8.323613 )
ga_view_center_set( 6.942707, -2.406894 )
ga_view_zoom_set( 6.053537 )
ga_view_aa_set( -53.422215, -21.081264, -11.259003 )
ga_view_center_set( 5.463277, -1.752063 )
ga_view_zoom_set( 8.323613 )
ga_view_center_set( 3.429060, -0.851673 )
ga_view_zoom_set( 11.444968 )
ga_view_aa_set( -82.879601, 43.259018, 100.421730 )
uil_viewport_post_groups.posted_groups( "default_viewport", 1, [ @
"fem.fuse.skin"] )
ga_view_aa_set( -68.318161, 36.673527, 68.756317 )
ga_view_center_set( 4.729625, -1.365228 )
ga_view_zoom_set( 8.323613 )
ga_view_center_set( 5.675490, -1.738723 )
ga_view_zoom_set( 6.053537 )
ga_view_center_set( 6.363392, -2.010356 )
ga_view_zoom_set( 4.402572 )
ga_view_center_set( 6.863685, -2.207907 )
ga_view_zoom_set( 3.201871 )
ga_view_center_set( 6.448058, -1.907731 )
ga_view_zoom_set( 4.402572 )
ga_view_center_set( 5.876572, -1.494990 )
ga_view_zoom_set( 6.053537 )
ga_view_center_set( 5.095628, -0.922620 )
ga_view_zoom_set( 8.323613 )
ga_view_center_set( 4.021829, -0.135612 )
ga_view_zoom_set( 11.444968 )
ga_view_center_set( 2.609550, 0.781452 )
ga_view_zoom_set( 15.736832 )
ga_view_center_set( 0.667665, 2.042417 )
ga_view_zoom_set( 21.638144 )
ga_view_center_set( -2.002427, 3.776242 )
ga_view_zoom_set( 29.752447 )
ga_view_aa_set( -89.404602, 35.954773, 87.406197 )
INTEGER sgm_create_surf_corner_node_ids(4)
STRING sgm_create_surface__deleted_ids[VIRTUAL]
STRING sgm_create_surfac_created_label[VIRTUAL]
sgm_create_surface_from_elems2( 1, "Elm 329:744", 0, 1, "", 0, "", FALSE, 1,  @
sgm_create_surf_corner_node_ids, sgm_create_surface__deleted_ids,  @
sgm_create_surfac_created_label )
$# 1 Surface Created: Surface 1
ga_view_aa_set( -62.685337, 28.717966, 55.250721 )
uil_toolbar.wireframe(  )
uil_toolbar.shaded_smooth(  )
gm_plot_erase_fem( 0 )
ga_view_aa_set( -103.313179, 26.697174, 115.321129 )
ga_view_center_set( -0.198716, 0.590469 )
ga_view_zoom_set( 9.742758 )
ga_view_center_set( -0.471948, 1.402364 )
ga_view_zoom_set( 13.396292 )
ga_view_center_set( -0.847646, 2.518722 )
ga_view_zoom_set( 18.419901 )
ga_view_center_set( -1.349469, 4.009434 )
ga_view_zoom_set( 25.327364 )
ga_view_aa_set( -28.101328, 65.011765, 34.901882 )
ga_view_center_set( -0.478653, 1.928345 )
ga_view_zoom_set( 18.419901 )
ga_view_center_set( 0.154665, 0.414828 )
ga_view_zoom_set( 13.396292 )
ga_view_center_set( 0.615262, -0.685910 )
ga_view_zoom_set( 9.742758 )
ga_view_aa_set( -90.349472, 66.895752, 95.133835 )
ga_view_aa_set( -76.561081, 66.206291, 80.118065 )
uil_viewport_post_groups.posted_groups( "default_viewport", 1, ["fem.fin"] )
gm_plot_erase_fem( 1 )
ga_view_aa_set( -57.976242, 0.442772, 34.528282 )
ga_view_aa_set( -72.138794, 2.681666, 40.083858 )
ga_view_center_set( 0.465170, -0.500079 )
ga_view_zoom_set( 4.759562 )
ga_view_center_set( 0.634361, -0.830140 )
ga_view_zoom_set( 3.461499 )
uil_toolbar.wireframe(  )
ga_view_aa_set( -76.282677, -1.810608, 99.765770 )
ga_view_aa_set( -85.856407, -4.081882, 88.993866 )
ga_view_aa_set( 0., 0., 0. )
ga_view_center_set( -2.584833, -4.845479 )
ga_view_zoom_set( 3.634574 )
ga_view_center_set( -2.039648, -4.918170 )
ga_view_zoom_set( 4.179760 )
ga_display_shrfem_set( "general", 0.30000001 )
node_size( 9 )
STRING fem_delete_any_deleted_ids[VIRTUAL]
fem_delete_element( "Node 10103 10104 10109 10125 10195 10205:10209 10211:" // @
"10213 10215 10216 10273 10275 10279:10283:2 10286 10289:10293 Elm 10471:1" // @
"0498", fem_delete_any_deleted_ids )
$# 28 Elements deleted: Element 10471:10498
STRING fem_delete_any_not_found_ids[VIRTUAL]
fem_delete_free_node( "Node 10103 10104 10109 10125 10195 10205:10209 1021" // @
"1:10213 10215 10216 10273 10275 10279:10283:2 10286 10289:10293 Elm 10471" // @
":10498", fem_delete_any_deleted_ids, fem_delete_any_not_found_ids )
$# 5 Nodes deleted: Node 10289:10293
$# 21 FEM entities do not exist or are still associated and cannot be 
$# deleted: Node 10103,10104,10109,10125,10195,10205:10209,10211:10213,10215,
$# 10216,10273,10275,10279:10283:2,10286
ga_view_center_set( -2.039648, -4.291206 )
ga_view_center_set( -1.872457, -3.915027 )
gu_fit_view(  )
ga_view_center_set( -0.373862, -0.373862 )
sys_poll_option( 2 )
ga_group_create( "fem.fin.skin" )
ga_group_entity_add( "fem.fin.skin", "Node 10001:10288 Elm 10001:10470" )
ga_viewport_group_unpost_all( "" )
ga_group_current_set( "fem.fin.skin" )
$# Group "fem.fin.skin" created.
sys_poll_option( 0 )
ga_view_aa_set( -63.269772, 2.878426, 8.322373 )
ga_view_aa_set( 0., 180., 0. )
ga_view_aa_set( 0., 0., 0. )
ga_view_center_set( -2.492414, -2.803966 )
ga_view_zoom_set( 3.461686 )
ga_view_center_set( -2.250096, -4.050173 )
ga_view_zoom_set( 4.586735 )
gm_visibility_widget( "Node 10102:10104 10108 10109 10123 10125 10195 1020" // @
"5:10209 10211:10213 10215 10216 10218 10273 10275 10279:10283:2 10286 Elm" // @
" 10097 10100 10101 10106 10108 10125 10195 10219 10244:10248 10260 10264 " // @
"10266:10274:4 10279 10283:10286 10288 10295 10298:10300 10352 10353 10356" // @
" 10357 10363 10377:10381 10411 10416 10434 10445:10447 10467 10469 10470",  @
FALSE )
ga_view_center_set( -2.130785, -3.800860 )
ga_view_zoom_set( 4.113484 )
gm_visibility_widget( "Node 10101 10105:10107 10131:10133 10136 10137 1015" // @
"8 10166 10181 10187 10192 10214 10221 10223 10228 10230 10267 Elm 10093 1" // @
"0098 10099 10103:10107:2 10128:10133 10148 10149 10155 10156 10170 10179 " // @
"10180 10186 10187 10191 10192 10214 10215 10223 10224 10230:10233 10237 1" // @
"0238 10240 10241 10275 10280 10282 10287 10289 10294 10296 10297 10303 10" // @
"304 10307 10308 10316 10344:10348 10354 10355 10364 10365 10368 10369 103" // @
"71 10372 10439:10441 10448 10449 10456 10461:10466 10468", FALSE )
ga_view_center_set( -0.485392, -2.813624 )
ga_view_zoom_set( 5.141855 )
gm_visibility_widget( "Node 10077 10078 10081 10082 10096:10098 10100 1012" // @
"6 10127 10141:10144 10147:10153 10164 10165 10196 10225 10227 10242 10245" // @
":10248 10252 10272 10284 10288 Elm 10067 10069 10084:10086 10090 10091 10" // @
"094:10096 10102 10104 10126 10127 10136:10145 10151:10154 10162:10165 101" // @
"73 10177 10178 10188 10193 10194 10198 10208:10213 10225 10234 10257 1027" // @
"6:10278 10281 10290:10293 10305 10306 10315 10317:10320 10323:10326 10349" // @
":10351 10370 10375 10376 10382 10386 10393 10402 10403 10409 10412 10424 " // @
"10427 10435 10436 10438 10442:10444 10450:10455 10457:10460", FALSE )
ga_view_center_set( 0.594398, -0.962557 )
gm_visibility_widget( "Node 10083:10086 10093 10099 10139 10140 10156 1015" // @
"7 10167 10169 10177 10178 10182:10184 10203 10219 10250 10251:10257:3 102" // @
"58 10264 10265 Elm 10070:10072 10076 10077 10087 10088 10092 10134 10135 " // @
"10146 10147 10157:10159 10168 10169 10171 10172 10174:10176 10189 10190 1" // @
"0199:10202 10216:10218 10220:10222 10228 10229 10236 10242 10243 10255 10" // @
"258 10272 10273 10301 10302 10321 10322 10327:10331 10337:10343 10366 103" // @
"67 10373 10374 10383 10384 10390 10397:10401 10404:10408 10430 10432", FALSE )
ga_view_center_set( 2.908232, 1.968301 )
gm_visibility_widget( "Node 10087:10089 10092 10094 10095 10162 10171 1017" // @
"2:10176:2 10189 10191 10197 10199 10200 10233 10235:10237 10239 10241 102" // @
"59 10260 Elm 10073 10075 10078 10080:10083 10089 10150 10160 10161 10166 " // @
"10167 10181:10185 10196 10197 10203:10207 10226 10227 10235 10239 10251 1" // @
"0256 10259:10271:4 10309:10314 10332:10336 10358:10362 10385 10387:10389 " // @
"10391 10392 10396 10410 10413 10420 10421 10426 10428 10429:10433:2 10437",  @
FALSE )
gm_visibility_widget( "Elm 10068 10074 10079 10249 10250 10252:10254 10261" // @
" 10262:10268:3 10269 10394 10395 10414 10415 10417:10419 10422 10423 10425",  @
FALSE )
ga_view_aa_set( -25.969542, 1.134708, -0.786793 )
ga_view_aa_set( -39.044621, -13.150500, -10.000305 )
ga_view_center_set( 1.777024, -0.191278 )
ga_view_aa_set( -56.725491, 2.059257, 17.604801 )
gu_fit_view(  )
ga_view_aa_set( 0., 0., 0. )
ga_view_center_set( 0.058962, -0.299620 )
ga_view_zoom_set( 7.877527 )
ga_group_entity_remove( "fem.fin.skin", "Node 10001:10076 10079 10080 1009" // @
"0 10091 10110:10122 10124 10128:10130 10134 10135 10138 10145 10146 10154" // @
" 10155 10159:10161 10163 10168 10170 10173 10175 10179 10180 10185 10186:" // @
"10190:2 10193 10194 10198 10201 10202 10204 10210 10217 10220:10226:2 102" // @
"29 10231 10232 10234 10238 10240 10243 10244 10249 10253 10255 10256 1026" // @
"1:10263 10266 10268:10271 10274 10276:10278 10280 10282 10285 10287 Elm 1" // @
"0001:10066 10109:10124" )
$# Entities removed from Group "fem.fin.skin": Node 10001:10076 10079 10080 
$# 10090 10091 10110:10122 10124 10128:10130 10134 10135 10138 10145 10146 
$# 10154 10155 10159:10161 10163 10168 10170 10173 10175 10179 10180 10185 
$# 10186:10190:2 10193 10194 10198 10201 10202 10204 10210 10217 
$# 10220:10226:2 10229 10231 10232 10234 10238 10240 10243 10244 10249 10253 
$# 10255 10256 10261:10263 10266 10268:10271 10274 10276:10278 10280 10282 
$# 10285 10287 Elm 10001:10066 10109:10124
sys_poll_option( 2 )
ga_group_create( "fem.fin.ribs" )
ga_group_entity_add( "fem.fin.ribs", "Node 10001:10076 10079 10080 10090 1" // @
"0091 10110:10122 10124 10128:10130 10134 10135 10138 10145 10146 10154 10" // @
"155 10159:10161 10163 10168 10170 10173 10175 10179 10180 10185 10186:101" // @
"90:2 10193 10194 10198 10201 10202 10204 10210 10217 10220:10226:2 10229 " // @
"10231 10232 10234 10238 10240 10243 10244 10249 10253 10255 10256 10261:1" // @
"0263 10266 10268:10271 10274 10276:10278 10280 10282 10285 10287 Elm 1000" // @
"1:10066 10109:10124" )
ga_viewport_group_unpost_all( "" )
ga_group_current_set( "fem.fin.ribs" )
$# Group "fem.fin.ribs" created.
sys_poll_option( 0 )
ga_view_aa_set( -52.622093, -0.098294, 7.517764 )
uil_viewport_post_groups.posted_groups( "default_viewport", 1, ["fem.fin.skin" @
] )
gm_plot_erase_fem( 1 )
ga_view_aa_set( -89.117157, 6.812854, 37.836796 )
ga_view_aa_set( 5.804021, -10.559587, 29.203457 )
ga_view_aa_set( 180., -90., 180. )
ga_view_aa_set( 23., -34., 0. )
ga_view_aa_set( 180., 90., 180. )
ga_view_aa_set( 90., 0., 0. )
ga_view_aa_set( 0., 0., 0. )
ga_view_center_set( -0.534734, -1.043359 )
ga_view_center_set( -3.195257, -2.207337 )
gm_visibility_widget( "Node 10131:10133 10147:10153 10156 10158 10181:1018" // @
"4 10195 10196 10200 10203 10211:10214 10216 10223 10245 10246:10250:2 102" // @
"51 10252 10267 10273 10275 Elm 10125 10128:10133 10140:10152 10157:10159 " // @
"10162:10165 10170:10172 10188 10193:10195 10198:10202 10205:10207 10211:1" // @
"0213 10219:10222 10225 10228 10230:10233 10240 10241 10248 10260 10264 10" // @
"271:10275 10282 10285 10289:10300 10303 10304 10317:10326 10329:10332 103" // @
"36:10339 10344 10345 10352:10357 10363:10365 10368:10377 10384 10386:1039" // @
"0 10396:10398 10400:10404 10409 10434:10438:2 10439:10442 10444 10445:104" // @
"51:3 10453 10455 10456", FALSE )
gm_visibility_widget( "Node 10172 10199 10259 10260 Elm 10160 10161 10226 " // @
"10227 10259:10265:3 10267:10269 10333:10335 10391 10392 10394 10395 10410" // @
" 10413 10415 10418 10431 10437", FALSE )
gm_visibility_widget( "Node 10127 10139 10140 10143 10144 10164:10166 1017" // @
"4 10176:10178 10187:10191:2 10192 10205:10209 10219 10225 10230 10233 102" // @
"35 10239 10242 10254 10264 10272 10279:10283:2 10284 10286 Elm 10126 1012" // @
"7 10134:10139 10153:10156 10166:10169 10173:10187 10189:10192 10196 10197" // @
" 10203 10204 10208:10210 10214:10218 10223 10224:10234:5 10235:10239 1024" // @
"2:10247 10249:10258 10261 10263 10266 10270 10276:10281 10283 10284 10286" // @
":10288 10301 10302 10305:10316 10327 10328 10340:10343 10346:10351 10358:" // @
"10362 10366 10367 10378:10383 10385 10393:10405:6 10406:10408 10411 10412" // @
":10416:2 10417 10419:10430 10432 10433 10435 10443 10446 10447 10449 1045" // @
"0:10454:2 10457:10470", FALSE )
ga_view_aa_set( -78.973106, -2.760717, -12.506216 )
$# Question from application Group Applications
$#     Unposting the current group will render newly created entities 
$# invisible in the current viewport. Continue?
$? YES 11001022 
sys_poll_option( 2 )
ga_group_create( "fem.fin.spar" )
ga_group_entity_add( "fem.fin.spar", "Node 10077 10078 10081:10089 10092:1" // @
"0109 10123 10125 10126 10136 10137 10141 10142 10157:10167:5 10169 10171 " // @
"10197 10215:10221:3 10227 10228 10236 10237 10241 10247 10257 10258 10265" // @
" 10288 Elm 10067:10108" )
ga_viewport_group_unpost_all( "" )
$# Group "fem.fin.spar" created.
sys_poll_option( 0 )
uil_viewport_post_groups.posted_groups( "default_viewport", 1, ["fem.fin.skin" @
] )
ga_group_entity_remove( "fem.fin.skin", "Node 10001:10076 10079 10080 1009" // @
"0 10091 10110:10122 10124 10128:10130 10134 10135 10138 10145 10146 10154" // @
" 10155 10159:10161 10163 10168 10170 10173 10175 10179 10180 10185 10186:" // @
"10190:2 10193 10194 10198 10201 10202 10204 10210 10217 10220:10226:2 102" // @
"29 10231 10232 10234 10238 10240 10243 10244 10249 10253 10255 10256 1026" // @
"1:10263 10266 10268:10271 10274 10276:10278 10280 10282 10285 10287 Elm 1" // @
"0001:10066 10109:10124" )
$# Entities removed from Group "fem.fin.skin": Node 10001:10076 10079 10080 
$# 10090 10091 10110:10122 10124 10128:10130 10134 10135 10138 10145 10146 
$# 10154 10155 10159:10161 10163 10168 10170 10173 10175 10179 10180 10185 
$# 10186:10190:2 10193 10194 10198 10201 10202 10204 10210 10217 
$# 10220:10226:2 10229 10231 10232 10234 10238 10240 10243 10244 10249 10253 
$# 10255 10256 10261:10263 10266 10268:10271 10274 10276:10278 10280 10282 
$# 10285 10287 Elm 10001:10066 10109:10124
ga_view_aa_set( -86.186798, 2.375514, 26.122534 )
ga_group_entity_remove( "fem.fin.skin", "Node 10077 10078 10081:10089 1009" // @
"2:10109 10123 10125 10126 10136 10137 10141 10142 10157:10167:5 10169 101" // @
"71 10197 10215:10221:3 10227 10228 10236 10237 10241 10247 10257 10258 10" // @
"265 10288 Elm 10067:10108" )
$# Entities removed from Group "fem.fin.skin": Node 10077 10078 10081:10089 
$# 10092:10109 10123 10125 10126 10136 10137 10141 10142 10157:10167:5 10169 
$# 10171 10197 10215:10221:3 10227 10228 10236 10237 10241 10247 10257 10258 
$# 10265 10288 Elm 10067:10108
ga_view_aa_set( -71.891563, -1.895251, 4.616236 )
gm_plot_erase_fem( 1 )
ga_view_aa_set( -91.744583, 0.651621, 38.499367 )
ga_view_aa_set( 96.546204, -39.868126, 73.036552 )
ga_view_aa_set( 0., 0., 0. )
ga_view_aa_set( -54.961079, 10.822124, 8.938093 )
node_size( 0 )
ga_display_shrfem_set( "general", 0.30000001 )
ga_display_shrfem_set( "general", 0. )
uil_toolbar.shaded_smooth(  )
ga_view_aa_set( -48.505074, 4.860111, 21.436993 )
ga_view_aa_set( -51.289436, 1.645300, 17.601851 )
ga_view_zoom_set( 15.917813 )
$# UNDO: FEM Create Surface command
ga_view_aa_set( -58.398399, 3.364408, 20.059782 )
ga_view_center_set( 0.865801, -0.795537 )
ga_view_zoom_set( 11.576591 )
ga_view_center_set( 1.338041, -1.335240 )
ga_view_zoom_set( 8.419339 )
ga_view_center_set( 1.681486, -1.727752 )
ga_view_zoom_set( 6.123156 )
ga_view_center_set( 1.931265, -2.013214 )
ga_view_zoom_set( 4.453204 )
ga_view_center_set( 1.710030, -1.738459 )
ga_view_zoom_set( 6.123156 )
node_size( 9 )
uil_toolbar.wireframe(  )
ga_view_aa_set( -91.951866, 8.189095, 42.515186 )
$# UNDO: FEM Create Surface command
ga_view_aa_set( -87.444313, 6.652989, 39.866737 )
ga_view_aa_set( -90.038399, 2.732142, 36.869961 )
ga_view_center_set( 1.902718, -1.378063 )
ga_view_zoom_set( 4.453204 )
ga_view_center_set( 2.042854, -1.108171 )
ga_view_zoom_set( 3.238694 )
ga_view_center_set( 1.936456, -1.362491 )
ga_view_zoom_set( 4.453204 )
gm_visibility_widget( "Node 10216 10219 10223 10225 10230 10233 10235 1023" // @
"9:10245:3 10246:10250:2 10251 10252 10254 10259 10260 10264 10267 10272 1" // @
"0273 10275 10279:10283:2 10284 10286 Elm 10299:10470", FALSE )
ga_view_aa_set( -104.494530, -0.626601, 39.434124 )
INTEGER sgm_create_surf_corner_node_ids(4)
STRING sgm_create_surface__deleted_ids[VIRTUAL]
STRING sgm_create_surfac_created_label[VIRTUAL]
sgm_create_surface_from_elems2( 2, "Elm 10125:10298", 0, 1, "", 0, "", FALSE,  @
1, sgm_create_surf_corner_node_ids, sgm_create_surface__deleted_ids,  @
sgm_create_surfac_created_label )
$# 1 Surface Created: Surface 2
gm_visibility_widget( "Node 10216 10219 10223 10225 10230 10233 10235 1023" // @
"9:10245:3 10246:10250:2 10251 10252 10254 10259 10260 10264 10267 10272 1" // @
"0273 10275 10279:10283:2 10284 10286 Elm 10299:10470", TRUE )
ga_view_aa_set( -116.364601, -2.695170, 43.987320 )
uil_toolbar.shaded_smooth(  )
ga_view_aa_set( -86.389877, 3.781950, 30.211996 )
ga_view_center_set( 0.788013, -0.542486 )
ga_view_zoom_set( 5.638728 )
ga_view_center_set( 1.363053, -0.995953 )
ga_view_zoom_set( 4.100893 )
uil_toolbar.wireframe(  )
ga_view_aa_set( -90.035721, 4.560628, 39.206467 )
uil_toolbar.shaded_smooth(  )
ga_view_aa_set( -88.575439, 4.018650, 33.229225 )
uil_toolbar.wireframe(  )
ga_view_aa_set( -89.713730, 4.135744, 35.229641 )
gm_visibility_widget( "Surface 2", FALSE )
gm_visibility_widget( "Node 10127 10131:10133 10139 10143 10144 10147:1015" // @
"1:2 10152 10153 10156 10158 10165 10166 10174 10177 10178 10182 10191 101" // @
"92 10195 10205:10207 10209 10211 10212 Elm 10125:10298", FALSE )
ga_view_aa_set( -82.260727, 6.772242, 21.496437 )
ga_view_aa_set( -72.832291, 5.774126, 17.602266 )
ga_view_center_set( 0.126270, -0.584532 )
ga_view_zoom_set( 14.684687 )
sgm_create_surface_from_elems2( 3, "Elm 10299:10470", 0, 1, "", 0, "", FALSE,  @
1, sgm_create_surf_corner_node_ids, sgm_create_surface__deleted_ids,  @
sgm_create_surfac_created_label )
$# 1 Surface Created: Surface 3
gm_plot_erase_fem( 0 )
gm_plot_erase_geometry( 1 )
ga_view_aa_set( -59.372002, 8.368366, 21.939508 )
uil_toolbar.shaded_smooth(  )
ga_view_aa_set( -164.580765, -10.004061, 70.754799 )
ga_view_aa_set( 143.013000, -11.804142, 68.288544 )
ga_view_aa_set( 65.501976, -12.700057, 61.484650 )
ga_view_aa_set( 45.055340, 24.963131, 14.072276 )
ga_view_aa_set( -106.886154, 21.264004, 19.441782 )
ga_view_aa_set( -62.722343, 4.734044, 48.999527 )
sys_poll_option( 2 )
ga_group_create( "geom.fin.skin" )
ga_group_entity_add( "geom.fin.skin", "Point 5:8 Surface 2 3" )
ga_viewport_group_unpost_all( "" )
ga_group_current_set( "geom.fin.skin" )
$# Group "geom.fin.skin" created.
sys_poll_option( 0 )
uil_viewport_post_groups.posted_groups( "default_viewport", 1, [ @
"fem.fuse.skin"] )
gm_plot_erase_geometry( 1 )
gm_plot_erase_fem( 0 )
sys_poll_option( 2 )
ga_group_create( "geom.fuse.skin" )
ga_group_entity_add( "geom.fuse.skin", "Point 1:4 Surface 1" )
ga_viewport_group_unpost_all( "" )
ga_group_current_set( "geom.fuse.skin" )
$# Group "geom.fuse.skin" created.
sys_poll_option( 0 )
uil_viewport_post_groups.posted_groups( "default_viewport", 2, [ @
"geom.fin.skin", "geom.fuse.skin"] )
ga_view_aa_set( -124.534843, -10.105635, 36.684269 )
ga_view_aa_set( -54.166775, -8.336586, -9.939343 )
ga_view_center_set( -3.800859, -0.645515 )
ga_view_zoom_set( 22.769472 )
ga_view_center_set( -12.302916, 0.668108 )
ga_view_zoom_set( 31.308023 )
ga_view_center_set( -23.993246, 2.474342 )
ga_view_zoom_set( 43.048531 )
ga_view_center_set( -12.277807, 0.291811 )
ga_view_zoom_set( 31.308022 )
ga_view_center_set( -3.757483, -1.295485 )
ga_view_zoom_set( 22.769470 )
ga_view_center_set( 2.439116, -2.449881 )
ga_view_zoom_set( 16.559614 )
ga_view_center_set( 6.945734, -3.289442 )
ga_view_zoom_set( 12.043356 )
ga_view_center_set( 10.251348, -3.907050 )
ga_view_zoom_set( 8.758804 )
ga_view_center_set( 12.686067, -4.330698 )
ga_view_zoom_set( 6.370039 )
ga_view_center_set( 14.456777, -4.638806 )
ga_view_zoom_set( 4.632756 )
ga_view_aa_set( -68.903519, 6.419398, 24.010035 )
ga_view_aa_set( -71.415504, 15.590261, 55.229977 )
ga_view_center_set( 8.295207, -3.387961 )
ga_view_aa_set( -70.036499, 15.115581, 61.613159 )
$# UNDO: Edit Surface Trim for Surface 2
ga_view_aa_set( -76.834076, 16.021049, 64.581909 )
ga_view_aa_set( -66.974831, 17.095409, 68.595825 )
ga_view_aa_set( -69.855965, 14.411461, 60.770088 )
ga_view_center_set( 8.665828, 0.688864 )
$# UNDO: Edit Surface Trim for Surface 2
$# UNDO: Edit Surface Trim for Surface 2
ga_view_center_set( 8.569314, 0.451289 )
ga_view_zoom_set( 6.370039 )
ga_view_center_set( 8.436606, 0.124620 )
ga_view_zoom_set( 8.758803 )
ga_view_center_set( 8.247115, -0.317530 )
ga_view_zoom_set( 12.043355 )
ga_view_center_set( 7.986565, -0.925487 )
ga_view_zoom_set( 16.559612 )
ga_view_aa_set( -64.893463, 4.914503, 47.258949 )
ga_view_aa_set( -98.916687, 33.680153, 97.619247 )
ga_view_aa_set( -71.154053, 32.044930, 79.937004 )
ga_view_aa_set( -60.987240, 14.626211, 35.528336 )
ga_view_aa_set( -39.495190, 23.808601, 46.538048 )
ga_view_aa_set( -75.623207, 27.326172, 73.297424 )
ga_view_aa_set( -47.262917, 10.727088, 38.203354 )
ga_view_aa_set( -49.653622, 7.482598, 34.350101 )
ga_view_aa_set( -55.597836, 11.782465, 39.951920 )
ga_view_aa_set( -73.920532, 14.089755, 57.805588 )
ga_view_aa_set( -67.001289, 8.775380, 47.994999 )
ga_view_center_set( 10.080645, -0.925488 )
ga_view_zoom_set( 12.043354 )
ga_view_center_set( 11.603617, -0.925489 )
ga_view_zoom_set( 8.758803 )
ga_view_center_set( 12.711233, -0.915282 )
ga_view_zoom_set( 6.370039 )
ga_view_center_set( 13.516771, -0.896723 )
ga_view_zoom_set( 4.632756 )
ga_view_center_set( 11.663668, 3.133775 )
ga_view_center_set( 14.304340, 1.512310 )
STRING sgm_create_curve_in_created_ids[VIRTUAL]
sgm_const_curve_intersect( "1", 1, "Surface 2", "Surface 2", 3.0000001E-07,  @
3.0000001E-06, sgm_create_curve_in_created_ids )
