********************************************************************************
*                                Beam Sections                                 *
********************************************************************************
MSC.Patran 2018 
File: D:\Czarified\Documents\GitHub\CSLM\LD00.2\LD0.2.db
Date: 15-Sep-19
Time: 15:23:26

Section Name : LOXBaffle
Section Shape: T2

Section Properties
------------------
Area
  A = 5.8500002E-05
Moments of Inertia
  I1 = 1.2788749E-09
  I2 = 3.8309378E-10
  I12 = 0.
Torsional Constant about Centroid
  J = 1.0758333E-10
Stress Recovery Points Relative to Shear Center
  C1 = 0.014
  C2 = 0.00125
  D1 = -0.001
  D2 = 0.0065000001
  E1 = -0.001
  E2 = -0.0065000001
  F1 = 0.014
  F2 = -0.00125
Shear Stiffness Factors
  K1 = 0.55555552
  K2 = 0.44444448
Warping Coefficient about Shear Center
  CWA = 1.3130276E-15
Centroid Relative to Shear Center
  N1A = 0.0041666664
  N2A = 0.
Centroid Relative to Origin
  Hori. = 0.0065000001
  Vert. = 0.0051666661
Shear Center Relative to Origin
  Hori. = 0.0065000001
  Vert. = 0.0009999997
Angle from Axis 1 to Maximum Principal Axes
  Alpha = 180.
Beam Cross Section External Perimeter
  Perim = 0.056000002

Dimensions
----------
  W = 0.013
  H = 0.015
  t1 = 0.0020000001
  t2 = 0.0024999999
 
 
 
